// Vitest Snapshot v1, https://vitest.dev/guide/snapshot.html

exports[`buildReferenceComparisonModel — emitted panel/curve structure > records the catalog-wide structure so a refactor can be compared against it 1`] = `
"── wf_bl1d
avg_water_sat: avg-water-sat
cumulative: cum-oil-sim
cumulative_gas: cum-gas-sim
diagnostics: avg-pressure-sim
gas_rate: gas-rate-sim
gor: gor-sim
injection_rate: injection-rate-sim
oil_rate: oil-rate-sim
pz: p-over-z-sim
rates: water-cut-reference,water-cut-sim
recovery: recovery-factor-primary,recovery-factor-reference
volumes: cum-injection
── wf_capillary
avg_water_sat: avg-water-sat
cumulative: cum-oil-sim
cumulative_gas: cum-gas-sim
diagnostics: avg-pressure-sim
gas_rate: gas-rate-sim
gor: gor-sim
injection_rate: injection-rate-sim
oil_rate: oil-rate-sim
pz: p-over-z-sim
rates: water-cut-reference,water-cut-sim
recovery: recovery-factor-primary,recovery-factor-reference
volumes: cum-injection
── wf_gravity
avg_water_sat: avg-water-sat
cumulative: cum-oil-sim,opm-cum-oil
cumulative_gas: cum-gas-sim
diagnostics: avg-pressure-sim,opm-avg-pressure
gas_rate: gas-rate-sim
gor: gor-sim
injection_rate: injection-rate-sim
oil_rate: oil-rate-sim,opm-oil-rate
pz: p-over-z-sim
rates: opm-water-cut,water-cut-reference,water-cut-sim
recovery: recovery-factor-primary,recovery-factor-reference
volumes: cum-injection
── wf_gravity_stability
avg_water_sat: avg-water-sat
cumulative: cum-oil-sim
cumulative_gas: cum-gas-sim
diagnostics: avg-pressure-sim
gas_rate: gas-rate-sim
gor: gor-sim
injection_rate: injection-rate-sim
oil_rate: oil-rate-sim
pz: p-over-z-sim
rates: water-cut-reference,water-cut-sim
recovery: recovery-factor-primary,recovery-factor-reference
volumes: cum-injection
── wf_numerics
avg_water_sat: avg-water-sat
cumulative: cum-oil-sim,opm-cum-oil,opm-fine-cum-oil
cumulative_gas: cum-gas-sim
diagnostics: avg-pressure-sim,opm-avg-pressure,opm-fine-avg-pressure
gas_rate: gas-rate-sim
gor: gor-sim
injection_rate: injection-rate-sim
oil_rate: oil-rate-sim,opm-fine-oil-rate,opm-oil-rate
pz: p-over-z-sim
rates: opm-fine-water-cut,opm-water-cut,water-cut-reference,water-cut-sim
recovery: recovery-factor-primary,recovery-factor-reference
volumes: cum-injection
── sweep_areal
avg_water_sat: avg-water-sat
cumulative: cum-oil-sim
cumulative_gas: cum-gas-sim
diagnostics: avg-pressure-sim
gas_rate: gas-rate-sim
gor: gor-sim
injection_rate: injection-rate-sim
oil_rate: oil-rate-sim
pz: p-over-z-sim
rates: water-cut-sim
recovery: recovery-factor-primary
sweep_areal: sweep-areal-reference,sweep-areal-sim
sweep_combined: sweep-combined-reference,sweep-combined-sim
sweep_rf: sweep-rf-reference,sweep-rf-sim
volumes: cum-injection
── sweep_vertical
avg_water_sat: avg-water-sat
cumulative: cum-oil-sim
cumulative_gas: cum-gas-sim
diagnostics: avg-pressure-sim
gas_rate: gas-rate-sim
gor: gor-sim
injection_rate: injection-rate-sim
oil_rate: oil-rate-sim
pz: p-over-z-sim
rates: water-cut-sim
recovery: recovery-factor-primary
sweep_combined: sweep-combined-reference,sweep-combined-sim
sweep_rf: sweep-rf-reference,sweep-rf-sim
sweep_vertical: sweep-vertical-reference,sweep-vertical-sim
volumes: cum-injection
── sweep_crossflow
avg_water_sat: avg-water-sat
cumulative: cum-oil-sim
cumulative_gas: cum-gas-sim
diagnostics: avg-pressure-sim
gas_rate: gas-rate-sim
gor: gor-sim
injection_rate: injection-rate-sim
oil_rate: oil-rate-sim
pz: p-over-z-sim
rates: water-cut-sim
recovery: recovery-factor-primary
sweep_combined: sweep-combined-reference,sweep-combined-sim
sweep_rf: sweep-rf-reference,sweep-rf-sim
sweep_vertical: sweep-vertical-reference,sweep-vertical-sim
volumes: cum-injection
── sweep_combined
avg_water_sat: avg-water-sat
cumulative: cum-oil-sim
cumulative_gas: cum-gas-sim
diagnostics: avg-pressure-sim
gas_rate: gas-rate-sim
gor: gor-sim
injection_rate: injection-rate-sim
oil_rate: oil-rate-sim
pz: p-over-z-sim
rates: water-cut-sim
recovery: recovery-factor-primary
sweep_areal: sweep-areal-reference
sweep_combined: sweep-combined-reference,sweep-combined-sim
sweep_combined_mobile_oil: sweep-combined-mobile-oil-sim,sweep-combined-reference
sweep_rf: sweep-rf-reference,sweep-rf-sim
sweep_vertical: sweep-vertical-reference
volumes: cum-injection
── dep_welltest
control_limits: injector-bhp-limited-sim,producer-bhp-limited-sim
cumulative: cum-oil-sim
cumulative_gas: cum-gas-sim
diagnostics: avg-pressure-sim
drive_indices: drive-compaction,drive-gas-cap,drive-oil-expansion
gas_rate: gas-rate-sim
gor: gor-sim
injection_rate: injection-rate-sim
injector_bhp: injector-bhp-sim
mbe_ooip: mbe-ooip-ratio
oil_rate: oil-rate-reference,oil-rate-sim
producer_bhp: producer-bhp-reference,producer-bhp-sim
pss_drawdown: pss-drawdown-reference
pss_productivity: pss-productivity-reference
pss_shape_factor: pss-shape-factor-reference
pz: p-over-z-sim
rates: oil-rate-sim
recovery: recovery-factor-gas,recovery-factor-primary
── dep_pss
control_limits: injector-bhp-limited-sim,producer-bhp-limited-sim
cumulative: cum-oil-sim
cumulative_gas: cum-gas-sim
diagnostics: avg-pressure-sim
drive_indices: drive-compaction,drive-gas-cap,drive-oil-expansion
gas_rate: gas-rate-sim
gor: gor-sim
injection_rate: injection-rate-sim
injector_bhp: injector-bhp-sim
mbe_ooip: mbe-ooip-ratio
oil_rate: oil-rate-reference,oil-rate-sim
producer_bhp: producer-bhp-reference,producer-bhp-sim
pss_drawdown: pss-drawdown-reference,pss-drawdown-sim
pss_productivity: pss-productivity-reference,pss-productivity-sim
pss_shape_factor: pss-shape-factor-reference,pss-shape-factor-sim
pz: p-over-z-sim
rates: oil-rate-sim
recovery: recovery-factor-gas,recovery-factor-primary
── dep_decline
control_limits: injector-bhp-limited-sim,producer-bhp-limited-sim
cumulative: cum-oil-reference,cum-oil-sim
cumulative_gas: cum-gas-sim
diagnostics: avg-pressure-reference,avg-pressure-sim
drive_indices: drive-compaction,drive-gas-cap,drive-oil-expansion
gas_rate: gas-rate-sim
gor: gor-sim
injection_rate: injection-rate-sim
injector_bhp: injector-bhp-sim
mbe_ooip: mbe-ooip-ratio
oil_rate: oil-rate-sim
producer_bhp: producer-bhp-sim
pz: p-over-z-sim
rates: oil-rate-reference,oil-rate-sim
recovery: recovery-factor-gas,recovery-factor-primary,recovery-factor-reference
── dep_arps
control_limits: injector-bhp-limited-sim,producer-bhp-limited-sim
cumulative: cum-oil-reference,cum-oil-sim
cumulative_gas: cum-gas-sim
diagnostics: avg-pressure-reference,avg-pressure-sim
drive_indices: drive-compaction,drive-gas-cap,drive-oil-expansion
gas_rate: gas-rate-sim
gor: gor-sim
injection_rate: injection-rate-sim
injector_bhp: injector-bhp-sim
mbe_ooip: mbe-ooip-ratio
oil_rate: oil-rate-sim
producer_bhp: producer-bhp-sim
pz: p-over-z-sim
rates: oil-rate-reference,oil-rate-sim
recovery: recovery-factor-gas,recovery-factor-primary,recovery-factor-reference
── dep_pvt
control_limits: injector-bhp-limited-sim,producer-bhp-limited-sim
cumulative: cum-oil-sim
cumulative_gas: cum-gas-sim
diagnostics: avg-pressure-sim
drive_indices: drive-compaction,drive-gas-cap,drive-oil-expansion
gas_rate: gas-rate-sim
gor: gor-sim
injection_rate: injection-rate-sim
injector_bhp: injector-bhp-sim
mbe_ooip: mbe-ooip-ratio
oil_rate: oil-rate-sim
producer_bhp: producer-bhp-sim
pz: p-over-z-sim
rates: oil-rate-sim
recovery: recovery-factor-gas,recovery-factor-primary
── dep_gas_pz
control_limits: injector-bhp-limited-sim,producer-bhp-limited-sim
cumulative: cum-oil-sim
cumulative_gas: cum-gas-sim
diagnostics: avg-pressure-reference,avg-pressure-sim,opm-avg-pressure,opm-geo-avg-pressure
drive_indices: drive-compaction,drive-gas-cap,drive-oil-expansion
gas_rate: gas-rate-sim,opm-gas-rate,opm-geo-gas-rate
gor: gor-sim
injection_rate: injection-rate-sim
injector_bhp: injector-bhp-sim
mbe_ooip: mbe-ooip-ratio
oil_rate: oil-rate-sim
producer_bhp: producer-bhp-sim
pz: p-over-z-compaction-reference,p-over-z-reference,p-over-z-sim
rates: oil-rate-sim
recovery: recovery-factor-gas,recovery-factor-primary
── gas_injection
control_limits: injector-bhp-limited-sim,producer-bhp-limited-sim
cumulative: cum-oil-sim
cumulative_gas: cum-gas-sim
diagnostics: avg-pressure-sim
gas_rate: gas-rate-sim
gor: gor-sim
injection_rate: injection-rate-sim
injector_bhp: injector-bhp-sim
oil_rate: oil-rate-sim
producer_bhp: producer-bhp-sim
pz: p-over-z-sim
rates: gas-cut-reference,gas-cut-sim
recovery: recovery-factor-primary,recovery-factor-reference
volumes: cum-injection
── gas_drive
control_limits: injector-bhp-limited-sim,producer-bhp-limited-sim
cumulative: cum-oil-sim,opm-cum-oil
cumulative_gas: cum-gas-sim
diagnostics: avg-pressure-sim,opm-avg-pressure
drive_indices: drive-compaction,drive-gas-cap,drive-oil-expansion
gas_rate: gas-rate-sim
gor: gor-sim,opm-gor
injection_rate: injection-rate-sim
injector_bhp: injector-bhp-sim
mbe_ooip: mbe-ooip-ratio
oil_rate: oil-rate-sim
producer_bhp: producer-bhp-sim
pz: p-over-z-sim
rates: oil-rate-sim,opm-oil-rate
recovery: recovery-factor-gas,recovery-factor-primary
── spe1_gas_injection
control_limits: injector-bhp-limited-sim,producer-bhp-limited-sim
cumulative: cum-oil-sim,opm-cum-oil
cumulative_gas: cum-gas-sim,opm-cum-gas
diagnostics: avg-pressure-sim,opm-avg-pressure,published-pressure
gas_rate: gas-rate-sim
gor: gor-sim,opm-gor,published-gor
injection_rate: injection-rate-sim,opm-gas-injection-rate,published-injection-rate
injector_bhp: injector-bhp-sim,opm-injector-bhp,published-injector-bhp
oil_rate: oil-rate-sim,opm-oil-rate,published-oil-rate
producer_bhp: opm-producer-bhp,producer-bhp-sim,published-producer-bhp
pz: p-over-z-sim
rates: oil-rate-sim
recovery: recovery-factor-gas,recovery-factor-primary"
`;
